# Copyright (C) 2021 Da Xue <da@libre.computer>
# SPDX-License-Identifier: CC-BY-ND-4.0
#Header	Pin	Chip	Line	sysfs	Name	Pad	Ref	Desc
7J1	1	3.3V	3.3V	3.3V	3.3V	3.3V	VCC3.3V	3.3V
7J1	2	5V	5V	5V	5V	5V	VCC5V	5V
7J1	3	0	1	502	GPIOAO_1	C8	LINUX_RX	UART_RX_AO_A UART_RX_AO_B
7J1	4	5V	5V	5V	5V	5V	VCC5V	5V
7J1	5	0	0	501	GPIOAO_0	C9	LINUX_TX	UART_TX_AO_A UART_TX_AO_B
7J1	6	GND	GND	GND	GND	GND	GND	GND
7J1	7	1	22	423	GPIOH_6	K14	TCK	JTAG_TCK I2S_AM_CLK
7J1	8	1	91	492	GPIOX_12	B4	BT_EN	UART_TX_A SLIP_UART_TX
7J1	9	GND	GND	GND	GND	GND	GND	GND
7J1	10	1	92	493	GPIOX_13	A6	BT_WAKE_HOST	UART_RX_A SLIP_UART_RX
7J1	11	0	8	509	GPIOAO_8*	E15	PWM	AO_CEC EE_CEC PWM_AO_A
7J1	12	1	23	424	GPIOH_7	K15	TMS	JTAG_TMS I2S_AO_CLK_OUT I2S_AO_CLK_IN
7J1	13	1	20	421	GPIOH_4	K16	SPDIF_OUT	SPDIF_OUT SPDIF_IN
7J1	14	GND	GND	GND	GND	GND	GND	GND
7J1	15	1	21	422	GPIOH_5	K17	MUTE	GPIOH_5
7J1	16	1	24	425	GPIOH_8	L14	TDI	JTAG_TDI I2S_LR_CLK_OUT I2S_LR_CLK_IN
7J1	17	3.3V	3.3V	3.3V	3.3V	3.3V	VCC3.3V	3.3V
7J1	18	1	25	426	GPIOH_9	L15	TDO	JTAG_TDO I2SOUT_CH0
7J1	19	1	87	488	GPIOX_8	A5	UART_C_TX	PCM_OUT_A UART_TX_C SPI_MOSI
7J1	20	GND	GND	GND	GND	GND	GND	GND
7J1	21	1	88	489	GPIOX_9	B5	UART_C_RX	PCM_FS_A UART_CTS_C I2C_SDA_D SPI_SS0
7J1	22	1	79	480	GPIOX_0	A2	WIFI_D0	SDIO_D0
7J1	23	1	90	491	GPIOX_11	B6	UART_C_RTS_N	PCM_CLK_A UART_RTS_C I2C_SCK_D SPI_SCLK
7J1	24	1	89	490	GPIOX_10	A4	UART_C_CTS_N	PCM_FS_A UART_CTS_C I2C_SDA_D SPI_SS0
7J1	25	GND	GND	GND	GND	GND	GND	GND
7J1	26	1	80	481	GPIOX_1	B3	WIFI_D1	SDIO_D1
7J1	27	1	73	474	GPIODV_24	F3	I2C_SDA_A	UART_TX_B DMIC_IN I2C_SDA_A
7J1	28	1	74	475	GPIODV_25	D1	I2C_SCK_A	UART_RX_B DMIC_CLK_OUT I2C_SCK_A
7J1	29	1	76	477	GPIODV_27	G3	SYS_LED	GPIODV_27
7J1	30	GND	GND	GND	GND	GND	GND	GND
7J1	31	0	2	503	GPIOAO_2	B7	PWR_KEY_DET	GPIOAO_2
7J1	32	1	95	496	GPIOX_16	A3	WIFI_32K	PWM_E
7J1	33	1	85	486	GPIOX_6	D2	WIFI_PWREN	PWM_A
7J1	34	GND	GND	GND	GND	GND	GND	GND
7J1	35	1	86	487	GPIOX_7	C1	WIFI_WAKE_HOST	SDIO_IRQ PWM_F
7J1	36	1	81	482	GPIOX_2	C2	WIFI_D2	SDIO_D2
7J1	37	1	84	485	GPIOX_5	C3	WIFI_CMD	SDIO_CMD
7J1	38	1	82	483	GPIOX_3	B1	WIFI_D3	SDIO_D3
7J1	39	GND	GND	GND	GND	GND	GND	GND
7J1	40	1	83	484	GPIOX_4	B2	WIFI_SD_CLK	SDIO_CLK
2J2	1	5V	5V	5V	5V	5V	VCC5V	5V
2J2	2	GND	GND	GND	GND	GND	GND	GND
2J2	3	ADC	ADC	ADC1	SARADC_CH1	D7	ADC1	SARADC_CH1
2J2	4	ADC	ADC	ADC0	SARADC_CH0	C7	ADC2	SARADC_CH0
9J5	1	DAC	DAC	DACL	LOLN	G16	ML_CH	AL_CH_N
9J5	2	DAC	DAC	DACR	LORN	H16	MR_CH	AR_CH_N
9J5	3	GND	GND	GND	GND	GND	GND	GND
9J5	4	CVBS	CVBS	CVBS	CVBS_IOUT	J16	CVBS	CVBS
