Header	Pin	Chip	Line	sysfs	Name	Pad	Ref	Desc
7J1	1	3.3V	3.3V	3.3V	3.3V	3.3V	VCC3V3-OUT	3.3V
7J1	2	5V	5V	5V	5V	5V	VCC5V	5V
7J1	3	1	12	12	PA12	C13	TWI0-SDA	TWI0_SDA/DI_RX/PA_EINT12
7J1	4	5V	5V	5V	5V	5V	VCC5V	5V
7J1	5	1	11	11	PA11	F11	TWI0-SCK	TWI0_SCK/DI_TX/PA_EINT11
7J1	6	GND	GND	GND	GND	GND	GND	GND
7J1	7	1	2	2	PA2	D6	CPUX-TDO	UART2_RTS/JTAG_DO0/PA_EINT2
7J1	8	1	198	198	PG6	G4	AP-UART1-TX	UART1_TX/PG_EINT6
7J1	9	GND	GND	GND	GND	GND	GND	GND
7J1	10	1	199	199	PG7	D3	AP-UART1-RX	UART1_RX/PG_EINT7
7J1	11	1	1	1	PA1	D5	CPUX-TCK	UART2_RX/JTAG_CK0/PA_EINT1
7J1	12	1	203	203	PG11	D2	BB-PCM-CLK	PCM1_CLK/PG_EINT11
7J1	13	1	0	0	PA0	D11	CPUX-TMS	UART2_TX/JTAG_MS0/PA_EINT0
7J1	14	GND	GND	GND	GND	GND	GND	GND
7J1	15	1	3	3	PA3	D13	CPUX-TDI	UART2_CTS/JTAG_DI0/PA_EINT3
7J1	16	1	201	201	PG9	D3	AP-UART1-CTS	UART1_CTS/PG_EINT9
7J1	17	GND	GND	GND	GND	GND	VCC3V3-OUT	GND
7J1	18	1	200	200	PG8	C3	AP-UART1-RTS	UART1_RTS/PG_EINT8
7J1	19	1	64	64	PC0	C15	SPI0-MOSI	NAND_WE/SPI0_MOSI
7J1	20	GND	GND	GND	GND	GND	GND	GND
7J1	21	1	65	65	PC1	C16	SPI0-MISO	NAND_ALE/SPI0_MISO
7J1	22	1	14	14	PA14	G12	UART3-RX	SPI1_CLK/UART3_RX/PA_EINT14
7J1	23	1	66	66	PC2	B16	SPI0-CLK	NAND_CLE/SPI0_CLK
7J1	24	1	67	67	PC3	B15	SPI0-CS	NAND_CE1/SPI0_CS
7J1	25	GND	GND	GND	GND	GND	GND	GND
7J1	26	1	17	17	PA17	C14	SPDIF	SPDIF_OUT/PA_EINT17
7J1	27	1	19	19	PA19	B14	I2S0-SCLK	PCM0_CLK/TWI1_SDA/PA_EINT19
7J1	28	1	18	18	PA18	B13	I2S0-LRCK	PCM0_SYNC/TWI1_SCK/PA_EINT18
7J1	29	1	20	20	PA20	A13	I2S0-SDO	PCM0_DOUT/SIM_VPPEN/PA_EINT20
7J1	30	GND	GND	GND	GND	GND	GND	GND
7J1	31	1	21	21	PA21	A14	I2S0-SDI	PCM0_DIN/SIM_VPPPP/PA_EINT21
7J1	32	1	13	13	PA13	E15	UART3-TX	SPI1_CS/UART3_TX/PA_EINT13
7J1	33	1	6	6	PA6	E14	PWM1	SIM_PWREN/PWM1/PA_EINT6
7J1	34	GND	GND	GND	GND	GND	GND	GND
7J1	35	1	202	202	PG10	M3	BB-PCM-SYNC	PCM1_SYNC/PG_EINT10
7J1	36	1	15	15	PA15	F14	UART3-RTS	SPI1_MOSI/UART3_RTS/PA_EINT15
7J1	37	1	16	16	PA16	D15	UART3-CTS	SPI1_MISO/UART3_CTS/PA_EINT16
7J1	38	1	205	205	PG13	B1	BB-PCM-DIN	PCM1_DIN/PG_EINT13
7J1	39	GND	GND	GND	GND	GND	GND	GND
7J1	40	1	204	204	PG12	D1	BB-PCM-DOUT	PCM1_DOUTPG_EINT12
2J3	1	GND	GND	GND	GND	GND	GND	GND
2J3	2	1	4	4	PA4	F5	CPUX-TX	UART0_TX/PA_EINT4
2J3	3	1	5	5	PA5	H6	CPUX-RX	UART0_RX/PWM0/PA_EINT5