# Copyright (C) 2021 Da Xue <da@libre.computer>
# SPDX-License-Identifier: MIT
#Header	Pin	Chip	Line	sysfs	Name	Pad	Ref	Desc
7J1	1	3.3V	3.3V	3.3V	3.3V	3.3V	VCC3.3V	3.3V
7J1	2	5V	5V	5V	5V	5V	VCC5V	5V
7J1	3	0	5	506	GPIOAO_5	D13	I2C_SDA_AO	UART_RX_AO_B I2C_SDA_AO
7J1	4	5V	5V	5V	5V	5V	VCC5V	5V
7J1	5	0	4	505	GPIOAO_4	A10	I2C_SCK_AO	UART_TX_AO_B I2C_SCK_AO
7J1	6	GND	GND	GND	GND	GND	GND	GND
7J1	7	1	98	499	GPIOCLK_0	E9	GPIOCLK_0	CLK24 CLK12
7J1	8	1	91	492	GPIOX_12	A6	UART_A_TX	UART_TX_A
7J1	9	GND	GND	GND	GND	GND	GND	GND
7J1	10	1	92	493	GPIOX_13	B6	UART_A_RX	UART_RX_A
7J1	11	0	8	509	GPIOAO_8*	F17	I2SOUT-CH23	AO_CEC EE_CEC I2SOUT_CH23 PWM_AO_A
7J1	12	0	6	507	GPIOAO_6	C11	PWM_F	CLK_32K_IN I2S_IN_01 SPDIF_OUT PWM_AO_B
7J1	13	0	9	510	GPIOAO_9	C12	I2SOUT-CH45	REMOTE_OUTPUT SPDIF_OUT I2SOUT_CH45 PWM_AO_B
7J1	14	GND	GND	GND	GND	GND	GND	GND
7J1	15	0	10	511	TEST_N**	B12	I2SOUT-CH67	TEST_N wd_gpio I2SOUT_CH67 INPUT_LOW_RESET
7J1	16	1	93	494	GPIOX_14	C6	UART_A_CTS_N	UART_CTS_A
7J1	17	3.3V	3.3V	3.3V	3.3V	3.3V	VCC3.3V	3.3V
7J1	18	1	94	495	GPIOX_15	C7	UART_A_RTS_N	UART_RTS_A
7J1	19	1	87	488	GPIOX_8	B4	BTPCM_DOUT	PCM_OUT_A UART_TX_C SPI_MOSI
7J1	20	GND	GND	GND	GND	GND	GND	GND
7J1	21	1	88	489	GPIOX_9	B3	BTPCM_DIN	PCM_IN_A UART_RX_C SPI_MISO
7J1	22	1	79	480	GPIOX_0	A2	WIFI_SD_D0	SDIO_D0
7J1	23	1	90	491	GPIOX_11	C4	BTPCM_CLK	PCM_CLK_A UART_RTS_C I2C_SCK_D SPI_SCLK
7J1	24	1	89	490	GPIOX_10	C5	BTPCM_SYNC	PCM_FS_A UART_CTS_C I2C_SDA_D SPI_SS0
7J1	25	GND	GND	GND	GND	GND	GND	GND
7J1	26	1	80	481	GPIOX_1	C3	WIFI_SD_D1	SDIO_D1
7J1	27	1	75	476	GPIODV_26	E2	I2C_SDA_A	UART_CTS_B I2C_SDA_B
7J1	28	1	76	477	GPIODV_27	F3	I2C_SCK_A	UART_RTS_B I2C_SCK_B
7J1	29	1	96	497	GPIOX_17	B5	BT_EN	BT_EN
7J1	30	GND	GND	GND	GND	GND	GND	GND
7J1	31	1	97	498	GPIOX_18	B7	BT_WAKE_HOST	BT_WAKE_HOST
7J1	32	1	95	496	GPIOX_16	A3	WIFI_32K	PWM_E 
7J1	33	1	85	486	GPIOX_6	D2	WIFI_PWREN	PWM_A
7J1	34	GND	GND	GND	GND	GND	GND	GND
7J1	35	1	86	487	GPIOX_7	C1	WIFI_WAKE_HOST	SDIO_IRQ PWM_F
7J1	36	1	81	482	GPIOX_2	C2	WIFI_SD_D2	SDIO_D2
7J1	37	1	84	485	GPIOX_5	D3	WIFI_SD_CMD	SDIO_CMD
7J1	38	1	82	483	GPIOX_3	B1	WIFI_SD_D3	SDIO_D3
7J1	39	GND	GND	GND	GND	GND	GND	GND
7J1	40	1	83	484	GPIOX_4	B2	WIFI_SD_CLK	SDIO_CLK
2J3	1	ADC	ADC	ADC0	SARADC_CH0	B8	ADC0	SARADC_CH0
2J3	2	ADC	ADC	ADC2	SARADC_CH2	F9	ADC2	SARADC_CH2
2J3	3	1	25	426	GPIOH_9	N19	I2SOUT-CH01	JTAG_TDO I2SOUT_CH01
2J3	4	1	24	425	GPIOH_8	M19	I2S-LR-CLK	JTAG_TDI I2S_LR_CLK_OUT I2S_LR_CLK_IN
2J3	5	1	23	424	GPIOH_7	N18	I2S-AO-CLK	JTAG_TMS I2S_AO_CLK_OUT I2S_AO_CLK_IN
2J3	6	1	22	423	GPIOH_6	N20	I2S-AM-CLK	JTAG_TCK I2S_AM_CLK
2J3	7	GND	GND	GND	GND	GND	GND	GND
2J3	8	3.3V	3.3V	3.3V	3.3V	3.3V	VDDIO_AO3.3V	3.3V
2J1	1	GND	GND	GND	GND	GND	GND	GND
2J1	2	0	0	501	GPIOAO_0	C9	Linux_TX	UART_TX_AO_A UART_TX_AO_B
2J1	3	0	1	502	GPIOAO_1	B9	Linux_RX	UART_RX_AO_A UART_RX_AO_B
9J1	1	GND	GND	GND	GND	GND	GND	GND
9J1	2	1	20	421	GPIOH_4	G19	SPDIF_OUT	SPDIF_OUT SPDIF_IN
9J1	3	5V	5V	5V	5V	5V	VCC5V	5V
