# Copyright (C) 2021 Da Xue <da@libre.computer>
# SPDX-License-Identifier: GPL-2.0-or-later
#Header	Pin	Chip	Line	sysfs	Name	Pad	Ref	Desc
7J1	1	3.3V	3.3V	3.3V	3.3V	3.3V	VCC3.3V	3.3V
7J1	2	5V	5V	5V	5V	5V	VCC5V	5V
7J1	3	1	3		GPIOAO_3	BF13	I2C_AO_M0_SDA	I2C_AO_M0_SDA UART_AO_B_RX I2C_AO_S0_SDA
7J1	4	5V	5V	5V	5V	5V	VCC5V	5V
7J1	5	1	2		GPIOAO_2	AU40	I2C_AO_M0_SCL	I2C_AO_M0_SCL UART_AO_B_TX I2C_AO_S0_SCL
7J1	6	GND	GND	GND	GND	GND	GND	GND
7J1	7	1	6		GPIOAO_6	AV44	GPIOAO_6/JTAG_CLK	JTAG_A_CLK PWMAO_C TSIN_A_SOP TDMB_D2 TDMB_DIN2
7J1	8	1	8		GPIOAO_8	AT42	GPIOAO_8/JTAG_TDI	JTAG_A_TDI UART_AO_B_TX TSIN_A_CLK TDMB_SCLK TDMB_SLV_SCLK
7J1	9	GND	GND	GND	GND	GND	GND	GND
7J1	10	1	9		GPIOAO_9	AT44	GPIOAO_9/JTAG_TDO	JTAG_A_TDO IR_REMOTE_OUT UART_AO_B_RX TSIN_A_VALID MCLK_0
7J1	11	1	7		GPIOAO_7	AV46	GPIOAO_7/JTAG_TMS	JTAG_A_TMS TSIN_A_DIN0 TDMB_FS TDMB_SLV_FS
7J1	12	0	76		GPIOX_11	BF34	PCM_CLK	TDMA_SCLK TDMA_SLV_SCLK TSIN_B_CLK SPI_A_SCLK I2C_EE_M1_SCL
7J1	13	0	57		GPIOA_8	A15	GPIOA_8	PDM_DIN0 TDMC_D2 TDMC_DIN2
7J1	14	GND	GND	GND	GND	GND	GND	GND
7J1	15	0	49		GPIOA_0	A19	GPIOA_0	MCLK_0
7J1	16	0	53		GPIOA_4	G16	GPIOA_4	TDMB_D1 TDMB_DIN1 PWM_D
7J1	17	3.3V	3.3V	3.3V	3.3V	3.3V	VCC3.3V	3.3V
7J1	18	0	54		GPIOA_5	J13	GPIOA_5	PDM_DIN3 TDMB_DIN2 TDMB_D2
7J1	19	0	20		GPIOH_4	W40	SPI_B_MOSI	SPDIF_OUT UART_EE_C_RTS SPI_B_MOSI
7J1	20	GND	GND	GND	GND	GND	GND	GND
7J1	21	0	21		GPIOH_5	W38	SPI_B_MISO	SPDIF_IN UART_EE_C_CTS SPI_B_MISO PWM_F TDMB_D3 TDMB_DIN3
7J1	22	0	55		GPIOA_6	E15	GPIOA_6	PDM_DIN2 TDMB_DIN3 TDMB_D3
7J1	23	0	23		GPIOH_7	AB38	SPI_B_SCLK	ISO7816_DATA UART_EE_C_TX SPI_B_SCLK I2C_EE_M1_SCL PWM_B
7J1	24	0	22		GPIOH_6	H40	SPI_B_SS0	ISO7816_CLK UART_EE_C_RX SPI_B_SS0 I2C_EE_M1_SDA IR_REMOTE_OUT
7J1	25	GND	GND	GND	GND	GND	GND	GND
7J1	26	0	58		GPIOA_9	C15	GPIOA_9	PDM_DIN1 TDMC_D1 TDMC_DIN1
7J1	27	0	82		GPIOX_17	BF31	I2C_EE_M2_SDA	I2C_EE_M2_SDA
7J1	28	0	83		GPIOX_18	BM24	I2C_EE_M2_SCL	I2C_EE_M2_SCL
7J1	29	0	50		GPIOA_1	C19	GPIOA_1	TDMB_SCLK TDMB_SLV_SCLK
7J1	30	GND	GND	GND	GND	GND	GND	GND
7J1	31	0	51		GPIOA_2	E17	GPIOA_2	TDMB_FS TDMB_SLV_FS
7J1	32	0	60		GPIOA_11	G22	GPIOA_11	SPDIF_OUT MCLK_1 PWM_F
7J1	33	0	70		GPIOX_5	BK38	GPIOX_5	SDIO_CMD MCLK_1 PWM_C
7J1	34	GND	GND	GND	GND	GND	GND	GND
7J1	35	0	75		GPIOX_10	BD31	PCM_SYNC	TDMA_FS TDMA_SLV_FS TSIN_B_DIN0 SPI_A_SS0 I2C_EE_M1_SDA
7J1	36	0	56		GPIOA_7	J16	GPIOA_7	PDM_DCLK TDMC_D3 TDMC_DIN3
7J1	37	0	52		GPIOA_3	C17	GPIOA_3	TDMB_D0 TDMB_DIN0
7J1	38	0	73		GPIOX_8	BB34	PCM_DIN	TDMA_D1 TDMA_DIN1 TSIN_B_SOP SPI_A_MOSI PWM_C ISO7816_CLK
7J1	39	GND	GND	GND	GND	GND	GND	GND
7J1	40	0	74		GPIOX_9	BD34	PCM_DOUT	TDMA_D0 TDMA_DIN0 TSIN_B_VALID SPI_A_MISO ISO7816_DATA
2J1	1	GND	GND	GND	GND	GND	GND	GND
2J1	2	1	0		GPIOAO_0	AP36	LINUX_TX	UART_AO_A_TX
2J1	3	1	1		GPIOAO_1	AP38	LINUX_RX	UART_AO_A_RX
